******************************************************************************
             TMS320C2000 Linker Unix v6.2.7                    
******************************************************************************
>> Linked Thu Jan 22 12:44:51 2015

OUTPUT FILE NAME:   <base_cpu1.out>
ENTRY POINT SYMBOL: "code_start"  address: 00080000


MEMORY CONFIGURATION

         name            origin    length      used     unused   attr    fill
----------------------  --------  ---------  --------  --------  ----  --------
PAGE 0:
  RAMM0                 00000122   000002de  00000000  000002de  RWIX
  RAMLS0                00008000   00000800  0000002d  000007d3  RWIX
  RAMLS1                00008800   00000800  00000000  00000800  RWIX
  RAMLS2                00009000   00000800  00000000  00000800  RWIX
  RAMLS3                00009800   00000800  00000000  00000800  RWIX
  RAMLS4                0000a000   00000800  00000000  00000800  RWIX
  RAMD0                 0000b000   00000800  00000000  00000800  RWIX
  RAMGS14               0001a000   00001000  00000000  00001000  RWIX
  RAMGS15               0001b000   00001000  00000000  00001000  RWIX
  BEGIN                 00080000   00000002  00000002  00000000  RWIX
  FLASHA                00080002   00001ffe  00000000  00001ffe  RWIX
  FLASHB                00082000   00002000  00001599  00000a67  RWIX
  FLASHC                00084000   00002000  00000000  00002000  RWIX
  FLASHD                00086000   00002000  0000002d  00001fd3  RWIX
  FLASHE                00088000   00008000  00000000  00008000  RWIX
  FLASHF                00090000   00008000  00000200  00007e00  RWIX
  FLASHG                00098000   00008000  00000000  00008000  RWIX
  FLASHH                000a0000   00008000  00000000  00008000  RWIX
  FLASHI                000a8000   00008000  00000000  00008000  RWIX
  FLASHJ                000b0000   00008000  00000000  00008000  RWIX
  FLASHK                000b8000   00002000  00000000  00002000  RWIX
  FLASHL                000ba000   00002000  00000000  00002000  RWIX
  FLASHM                000bc000   00002000  00000000  00002000  RWIX
  FLASHN                000be000   00002000  00000000  00002000  RWIX
  RESET                 003fffc0   00000002  00000000  00000002  RWIX

PAGE 1:
  BOOT_RSVD             00000002   00000120  00000000  00000120  RWIX
  RAMM1                 00000400   00000400  00000100  00000300  RWIX
  ADCA_RESULT           00000b00   00000020  00000018  00000008  RWIX
  ADCB_RESULT           00000b20   00000020  00000018  00000008  RWIX
  ADCC_RESULT           00000b40   00000020  00000018  00000008  RWIX
  ADCD_RESULT           00000b60   00000020  00000018  00000008  RWIX
  CPU_TIMER0            00000c00   00000008  00000008  00000000  RWIX
  CPU_TIMER1            00000c08   00000008  00000008  00000000  RWIX
  CPU_TIMER2            00000c10   00000008  00000008  00000000  RWIX
  PIE_CTRL              00000ce0   00000020  0000001a  00000006  RWIX
  PIE_VECT              00000d00   00000200  000001c0  00000040  RWIX
  DMA                   00001000   00000200  000000e0  00000120  RWIX
  CLA1                  00001400   00000040  0000003c  00000004  RWIX
  EPWM1                 00004000   00000100  000000d6  0000002a  RWIX
  EPWM2                 00004100   00000100  000000d6  0000002a  RWIX
  EPWM3                 00004200   00000100  000000d6  0000002a  RWIX
  EPWM4                 00004300   00000100  000000d6  0000002a  RWIX
  EPWM5                 00004400   00000100  000000d6  0000002a  RWIX
  EPWM6                 00004500   00000100  000000d6  0000002a  RWIX
  EPWM7                 00004600   00000100  000000d6  0000002a  RWIX
  EPWM8                 00004700   00000100  000000d6  0000002a  RWIX
  EPWM9                 00004800   00000100  000000d6  0000002a  RWIX
  EPWM10                00004900   00000100  000000d6  0000002a  RWIX
  EPWM11                00004a00   00000100  000000d6  0000002a  RWIX
  EPWM12                00004b00   00000100  000000d6  0000002a  RWIX
  ECAP1                 00005000   00000020  0000001a  00000006  RWIX
  ECAP2                 00005020   00000020  0000001a  00000006  RWIX
  ECAP3                 00005040   00000020  0000001a  00000006  RWIX
  ECAP4                 00005060   00000020  0000001a  00000006  RWIX
  ECAP5                 00005080   00000020  0000001a  00000006  RWIX
  ECAP6                 000050a0   00000020  0000001a  00000006  RWIX
  EQEP1                 00005100   00000040  00000022  0000001e  RWIX
  EQEP2                 00005140   00000040  00000022  0000001e  RWIX
  EQEP3                 00005180   00000040  00000022  0000001e  RWIX
  DACA                  00005c00   00000010  00000007  00000009  RWIX
  DACB                  00005c10   00000010  00000007  00000009  RWIX
  DACC                  00005c20   00000010  00000007  00000009  RWIX
  CMPSS1                00005c80   00000020  0000001b  00000005  RWIX
  CMPSS2                00005ca0   00000020  0000001b  00000005  RWIX
  CMPSS3                00005cc0   00000020  0000001b  00000005  RWIX
  CMPSS4                00005ce0   00000020  0000001b  00000005  RWIX
  CMPSS5                00005d00   00000020  0000001b  00000005  RWIX
  CMPSS6                00005d20   00000020  0000001b  00000005  RWIX
  CMPSS7                00005d40   00000020  0000001b  00000005  RWIX
  CMPSS8                00005d60   00000020  0000001b  00000005  RWIX
  SDFM1                 00005e00   00000080  00000048  00000038  RWIX
  SDFM2                 00005e80   00000080  00000048  00000038  RWIX
  MCBSPA                00006000   00000040  00000024  0000001c  RWIX
  MCBSPB                00006040   00000040  00000024  0000001c  RWIX
  SPIA                  00006100   00000010  00000010  00000000  RWIX
  SPIB                  00006110   00000010  00000010  00000000  RWIX
  SPIC                  00006120   00000010  00000010  00000000  RWIX
  SPID                  00006130   00000010  00000000  00000010  RWIX
  UPP                   00006200   00000100  00000048  000000b8  RWIX
  WD                    00007000   00000040  0000002b  00000015  RWIX
  NMIINTRUPT            00007060   00000010  00000007  00000009  RWIX
  XINT                  00007070   00000010  0000000b  00000005  RWIX
  SCIA                  00007200   00000010  00000010  00000000  RWIX
  SCIB                  00007210   00000010  00000010  00000000  RWIX
  SCIC                  00007220   00000010  00000010  00000000  RWIX
  SCID                  00007230   00000010  00000010  00000000  RWIX
  I2CA                  00007300   00000040  00000022  0000001e  RWIX
  I2CB                  00007340   00000040  00000022  0000001e  RWIX
  ADCA                  00007400   00000080  0000007c  00000004  RWIX
  ADCB                  00007480   00000080  0000007c  00000004  RWIX
  ADCC                  00007500   00000080  0000007c  00000004  RWIX
  ADCD                  00007580   00000080  0000007c  00000004  RWIX
  INPUT_XBAR            00007900   00000040  0000002e  00000012  RWIX
  TRIG                  00007940   00000010  00000006  0000000a  RWIX
  DMACLASRCSEL          00007980   00000040  0000001a  00000026  RWIX
  EPWM_XBAR             00007a00   00000040  00000040  00000000  RWIX
  CLB_XBAR              00007a40   00000040  00000000  00000040  RWIX
  OUTPUT_XBAR           00007a80   00000040  00000040  00000000  RWIX
  GPIOCTRL              00007c00   00000180  00000180  00000000  RWIX
  GPIODAT               00007f00   00000030  00000030  00000000  RWIX
  RAMLS5                0000a800   00000800  0000000c  000007f4  RWIX
  RAMD1                 0000b800   00000800  00000000  00000800  RWIX
  RAMGS0                0000c000   00001000  00000000  00001000  RWIX
  RAMGS1                0000d000   00001000  00000000  00001000  RWIX
  RAMGS2                0000e000   00001000  00000000  00001000  RWIX
  RAMGS3                0000f000   00001000  00000000  00001000  RWIX
  RAMGS4                00010000   00001000  00000000  00001000  RWIX
  RAMGS5                00011000   00001000  00000000  00001000  RWIX
  RAMGS6                00012000   00001000  00000000  00001000  RWIX
  RAMGS7                00013000   00001000  00000000  00001000  RWIX
  RAMGS8                00014000   00001000  00000000  00001000  RWIX
  RAMGS9                00015000   00001000  00000000  00001000  RWIX
  RAMGS10               00016000   00001000  00000000  00001000  RWIX
  RAMGS11               00017000   00001000  00000000  00001000  RWIX
  RAMGS12               00018000   00001000  00000000  00001000  RWIX
  RAMGS13               00019000   00001000  00000000  00001000  RWIX
  CPU2TOCPU1RAM         0003f800   00000400  00000000  00000400  RWIX
  CPU1TOCPU2RAM         0003fc00   00000400  00000000  00000400  RWIX
  EMIF1                 00047000   00000800  00000028  000007d8  RWIX
  EMIF2                 00047800   00000800  00000028  000007d8  RWIX
  CANA                  00048000   00001000  00000000  00001000  RWIX
  CANB                  0004a000   00001000  00000000  00001000  RWIX
  IPC                   00050000   00001000  00000026  00000fda  RWIX
  DEV_CFG               0005d000   00000180  00000126  0000005a  RWIX
  ANALOG_SUBSYS         0005d180   00000080  0000003e  00000042  RWIX
  CLK_CFG               0005d200   00000100  00000032  000000ce  RWIX
  CPU_SYS               0005d300   00000100  00000082  0000007e  RWIX
  HWBIST                0005e000   00000100  000000a2  0000005e  RWIX
  PBIST                 0005e200   00000200  000001e6  0000001a  RWIX
  ROMPREFETCH           0005e608   00000002  00000002  00000000  RWIX
  DCSM_Z1               0005f000   00000030  00000022  0000000e  RWIX
  DCSM_Z2               0005f040   00000030  00000022  0000000e  RWIX
  DCSM_COMMON           0005f070   00000010  00000006  0000000a  RWIX
  MEMCFG                0005f400   00000080  00000076  0000000a  RWIX
  EMIF1CONFIG           0005f480   00000020  0000000a  00000016  RWIX
  EMIF2CONFIG           0005f4a0   00000020  0000000a  00000016  RWIX
  ACCESSPROTECTION      0005f4c0   00000040  0000002e  00000012  RWIX
  MEMORYERROR           0005f500   00000040  0000003a  00000006  RWIX
  ROMWAITSTATE          0005f540   00000002  00000002  00000000  RWIX
  FLASH0_CTRL           0005f800   00000300  00000182  0000017e  RWIX
  FLASH0_ECC            0005fb00   00000040  00000028  00000018  RWIX
  DCSM_Z1_OTP           00078000   00000020  0000001a  00000006  RWIX
  DCSM_Z2_OTP           00078200   00000020  0000001a  00000006  RWIX


SECTION ALLOCATION MAP

 output                                  attributes/
section   page    origin      length       input sections
--------  ----  ----------  ----------   ----------------
.pinit     0    00082000    00000000     UNINITIALIZED

Cla1SoftIntRegsFile 
*          1    00000ce0    00000004     DSECT
                  00000ce0    00000004     F2837xD_GlobalVariableDefs.obj (Cla1SoftIntRegsFile)

GETBUFFER 
*          0    0003f800    00000000     DSECT

GETWRITEIDX 
*          0    0003f800    00000000     DSECT

PUTREADIDX 
*          0    0003f800    00000000     DSECT

codestart 
*          0    00080000    00000002     
                  00080000    00000002     F2837xD_CodeStartBranch.obj (codestart)

.cinit     0    00082000    0000001f     
                  00082000    0000000a     rts2800_fpu32.lib : _lock.obj (.cinit)
                  0008200a    0000000a                       : exit.obj (.cinit)
                  00082014    00000009     uartstdio.obj (.cinit)
                  0008201d    00000002     --HOLE-- [fill = 0]

.text      0    00082040    0000157a     
                  00082040    0000058f     F2837xD_DefaultISR.obj (.text:retain)
                  000825cf    00000302     uart.obj (.text)
                  000828d1    000002a8     F2837xD_SysCtrl.obj (.text)
                  00082b79    00000261     sysctl.obj (.text)
                  00082dda    00000257     uartstdio.obj (.text)
                  00083031    0000024b     F2837xD_Gpio.obj (.text)
                  0008327c    000001c6     interrupt.obj (.text)
                  00083442    00000073     main.obj (.text)
                  000834b5    00000046     rts2800_fpu32.lib : boot.obj (.text)
                  000834fb    00000028     F2837xD_PieCtrl.obj (.text)
                  00083523    00000025     F2837xD_PieVect.obj (.text)
                  00083548    00000021     rts2800_fpu32.lib : memcpy_ff.obj (.text)
                  00083569    00000019                       : args_main.obj (.text)
                  00083582    00000019                       : exit.obj (.text)
                  0008359b    0000000e     interrupt.obj (.text:retain)
                  000835a9    00000009     rts2800_fpu32.lib : _lock.obj (.text)
                  000835b2    00000008     F2837xD_CodeStartBranch.obj (.text)

ramfuncs   0    00086000    0000002d     RUN ADDR = 00008000
                  00086000    00000025     F2837xD_SysCtrl.obj (ramfuncs)
                  00086025    00000004     F2837xD_usDelay.obj (ramfuncs)
                  00086029    00000004     sysctl.obj (ramfuncs)

.econst    0    00090000    00000200     
                  00090000    000001c0     F2837xD_PieVect.obj (.econst)
                  000901c0    00000022     uartstdio.obj (.econst:.string)
                  000901e2    0000000e     main.obj (.econst:.string)
                  000901f0    00000008     uartstdio.obj (.econst:_g_ui32UARTBase)
                  000901f8    00000006     uartstdio.obj (.econst:_g_ui32UARTPeriph)
                  000901fe    00000002     uartstdio.obj (.econst)

.reset     0    003fffc0    00000002     DSECT
                  003fffc0    00000002     rts2800_fpu32.lib : boot.obj (.reset)

.stack     1    00000400    00000100     UNINITIALIZED
                  00000400    00000100     --HOLE--

AdcaResultFile 
*          1    00000b00    00000018     UNINITIALIZED
                  00000b00    00000018     F2837xD_GlobalVariableDefs.obj (AdcaResultFile)

AdcbResultFile 
*          1    00000b20    00000018     UNINITIALIZED
                  00000b20    00000018     F2837xD_GlobalVariableDefs.obj (AdcbResultFile)

AdccResultFile 
*          1    00000b40    00000018     UNINITIALIZED
                  00000b40    00000018     F2837xD_GlobalVariableDefs.obj (AdccResultFile)

AdcdResultFile 
*          1    00000b60    00000018     UNINITIALIZED
                  00000b60    00000018     F2837xD_GlobalVariableDefs.obj (AdcdResultFile)

CpuTimer0RegsFile 
*          1    00000c00    00000008     UNINITIALIZED
                  00000c00    00000008     F2837xD_GlobalVariableDefs.obj (CpuTimer0RegsFile)

CpuTimer1RegsFile 
*          1    00000c08    00000008     UNINITIALIZED
                  00000c08    00000008     F2837xD_GlobalVariableDefs.obj (CpuTimer1RegsFile)

CpuTimer2RegsFile 
*          1    00000c10    00000008     UNINITIALIZED
                  00000c10    00000008     F2837xD_GlobalVariableDefs.obj (CpuTimer2RegsFile)

PieCtrlRegsFile 
*          1    00000ce0    0000001a     UNINITIALIZED
                  00000ce0    0000001a     F2837xD_GlobalVariableDefs.obj (PieCtrlRegsFile)

PieVectTableFile 
*          1    00000d00    000001c0     UNINITIALIZED
                  00000d00    000001c0     F2837xD_GlobalVariableDefs.obj (PieVectTableFile)

EmuKeyVar 
*          1    00000d00    00000001     UNINITIALIZED
                  00000d00    00000001     F2837xD_GlobalVariableDefs.obj (EmuKeyVar)

EmuBModeVar 
*          1    00000d01    00000001     UNINITIALIZED
                  00000d01    00000001     F2837xD_GlobalVariableDefs.obj (EmuBModeVar)

FlashCallbackVar 
*          1    00000d02    00000000     UNINITIALIZED

FlashScalingVar 
*          1    00000d02    00000000     UNINITIALIZED

DmaRegsFile 
*          1    00001000    000000e0     UNINITIALIZED
                  00001000    000000e0     F2837xD_GlobalVariableDefs.obj (DmaRegsFile)

Cla1RegsFile 
*          1    00001400    0000003c     UNINITIALIZED
                  00001400    0000003c     F2837xD_GlobalVariableDefs.obj (Cla1RegsFile)

EPwm1RegsFile 
*          1    00004000    000000d6     UNINITIALIZED
                  00004000    000000d6     F2837xD_GlobalVariableDefs.obj (EPwm1RegsFile)

EPwm2RegsFile 
*          1    00004100    000000d6     UNINITIALIZED
                  00004100    000000d6     F2837xD_GlobalVariableDefs.obj (EPwm2RegsFile)

EPwm3RegsFile 
*          1    00004200    000000d6     UNINITIALIZED
                  00004200    000000d6     F2837xD_GlobalVariableDefs.obj (EPwm3RegsFile)

EPwm4RegsFile 
*          1    00004300    000000d6     UNINITIALIZED
                  00004300    000000d6     F2837xD_GlobalVariableDefs.obj (EPwm4RegsFile)

EPwm5RegsFile 
*          1    00004400    000000d6     UNINITIALIZED
                  00004400    000000d6     F2837xD_GlobalVariableDefs.obj (EPwm5RegsFile)

EPwm6RegsFile 
*          1    00004500    000000d6     UNINITIALIZED
                  00004500    000000d6     F2837xD_GlobalVariableDefs.obj (EPwm6RegsFile)

EPwm7RegsFile 
*          1    00004600    000000d6     UNINITIALIZED
                  00004600    000000d6     F2837xD_GlobalVariableDefs.obj (EPwm7RegsFile)

EPwm8RegsFile 
*          1    00004700    000000d6     UNINITIALIZED
                  00004700    000000d6     F2837xD_GlobalVariableDefs.obj (EPwm8RegsFile)

EPwm9RegsFile 
*          1    00004800    000000d6     UNINITIALIZED
                  00004800    000000d6     F2837xD_GlobalVariableDefs.obj (EPwm9RegsFile)

EPwm10RegsFile 
*          1    00004900    000000d6     UNINITIALIZED
                  00004900    000000d6     F2837xD_GlobalVariableDefs.obj (EPwm10RegsFile)

EPwm11RegsFile 
*          1    00004a00    000000d6     UNINITIALIZED
                  00004a00    000000d6     F2837xD_GlobalVariableDefs.obj (EPwm11RegsFile)

EPwm12RegsFile 
*          1    00004b00    000000d6     UNINITIALIZED
                  00004b00    000000d6     F2837xD_GlobalVariableDefs.obj (EPwm12RegsFile)

ECap1RegsFile 
*          1    00005000    0000001a     UNINITIALIZED
                  00005000    0000001a     F2837xD_GlobalVariableDefs.obj (ECap1RegsFile)

ECap2RegsFile 
*          1    00005020    0000001a     UNINITIALIZED
                  00005020    0000001a     F2837xD_GlobalVariableDefs.obj (ECap2RegsFile)

ECap3RegsFile 
*          1    00005040    0000001a     UNINITIALIZED
                  00005040    0000001a     F2837xD_GlobalVariableDefs.obj (ECap3RegsFile)

ECap4RegsFile 
*          1    00005060    0000001a     UNINITIALIZED
                  00005060    0000001a     F2837xD_GlobalVariableDefs.obj (ECap4RegsFile)

ECap5RegsFile 
*          1    00005080    0000001a     UNINITIALIZED
                  00005080    0000001a     F2837xD_GlobalVariableDefs.obj (ECap5RegsFile)

ECap6RegsFile 
*          1    000050a0    0000001a     UNINITIALIZED
                  000050a0    0000001a     F2837xD_GlobalVariableDefs.obj (ECap6RegsFile)

EQep1RegsFile 
*          1    00005100    00000022     UNINITIALIZED
                  00005100    00000022     F2837xD_GlobalVariableDefs.obj (EQep1RegsFile)

EQep2RegsFile 
*          1    00005140    00000022     UNINITIALIZED
                  00005140    00000022     F2837xD_GlobalVariableDefs.obj (EQep2RegsFile)

EQep3RegsFile 
*          1    00005180    00000022     UNINITIALIZED
                  00005180    00000022     F2837xD_GlobalVariableDefs.obj (EQep3RegsFile)

DacaRegsFile 
*          1    00005c00    00000007     UNINITIALIZED
                  00005c00    00000007     F2837xD_GlobalVariableDefs.obj (DacaRegsFile)

DacbRegsFile 
*          1    00005c10    00000007     UNINITIALIZED
                  00005c10    00000007     F2837xD_GlobalVariableDefs.obj (DacbRegsFile)

DaccRegsFile 
*          1    00005c20    00000007     UNINITIALIZED
                  00005c20    00000007     F2837xD_GlobalVariableDefs.obj (DaccRegsFile)

Cmpss1RegsFile 
*          1    00005c80    0000001b     UNINITIALIZED
                  00005c80    0000001b     F2837xD_GlobalVariableDefs.obj (Cmpss1RegsFile)

Cmpss2RegsFile 
*          1    00005ca0    0000001b     UNINITIALIZED
                  00005ca0    0000001b     F2837xD_GlobalVariableDefs.obj (Cmpss2RegsFile)

Cmpss3RegsFile 
*          1    00005cc0    0000001b     UNINITIALIZED
                  00005cc0    0000001b     F2837xD_GlobalVariableDefs.obj (Cmpss3RegsFile)

Cmpss4RegsFile 
*          1    00005ce0    0000001b     UNINITIALIZED
                  00005ce0    0000001b     F2837xD_GlobalVariableDefs.obj (Cmpss4RegsFile)

Cmpss5RegsFile 
*          1    00005d00    0000001b     UNINITIALIZED
                  00005d00    0000001b     F2837xD_GlobalVariableDefs.obj (Cmpss5RegsFile)

Cmpss6RegsFile 
*          1    00005d20    0000001b     UNINITIALIZED
                  00005d20    0000001b     F2837xD_GlobalVariableDefs.obj (Cmpss6RegsFile)

Cmpss7RegsFile 
*          1    00005d40    0000001b     UNINITIALIZED
                  00005d40    0000001b     F2837xD_GlobalVariableDefs.obj (Cmpss7RegsFile)

Cmpss8RegsFile 
*          1    00005d60    0000001b     UNINITIALIZED
                  00005d60    0000001b     F2837xD_GlobalVariableDefs.obj (Cmpss8RegsFile)

Sdfm1RegsFile 
*          1    00005e00    00000048     UNINITIALIZED
                  00005e00    00000048     F2837xD_GlobalVariableDefs.obj (Sdfm1RegsFile)

Sdfm2RegsFile 
*          1    00005e80    00000048     UNINITIALIZED
                  00005e80    00000048     F2837xD_GlobalVariableDefs.obj (Sdfm2RegsFile)

McbspaRegsFile 
*          1    00006000    00000024     UNINITIALIZED
                  00006000    00000024     F2837xD_GlobalVariableDefs.obj (McbspaRegsFile)

McbspbRegsFile 
*          1    00006040    00000024     UNINITIALIZED
                  00006040    00000024     F2837xD_GlobalVariableDefs.obj (McbspbRegsFile)

SpiaRegsFile 
*          1    00006100    00000010     UNINITIALIZED
                  00006100    00000010     F2837xD_GlobalVariableDefs.obj (SpiaRegsFile)

SpibRegsFile 
*          1    00006110    00000010     UNINITIALIZED
                  00006110    00000010     F2837xD_GlobalVariableDefs.obj (SpibRegsFile)

SpicRegsFile 
*          1    00006120    00000010     UNINITIALIZED
                  00006120    00000010     F2837xD_GlobalVariableDefs.obj (SpicRegsFile)

UppRegsFile 
*          1    00006200    00000048     UNINITIALIZED
                  00006200    00000048     F2837xD_GlobalVariableDefs.obj (UppRegsFile)

WdRegsFile 
*          1    00007000    0000002b     UNINITIALIZED
                  00007000    0000002b     F2837xD_GlobalVariableDefs.obj (WdRegsFile)

NmiIntruptRegsFile 
*          1    00007060    00000007     UNINITIALIZED
                  00007060    00000007     F2837xD_GlobalVariableDefs.obj (NmiIntruptRegsFile)

XintRegsFile 
*          1    00007070    0000000b     UNINITIALIZED
                  00007070    0000000b     F2837xD_GlobalVariableDefs.obj (XintRegsFile)

SciaRegsFile 
*          1    00007200    00000010     UNINITIALIZED
                  00007200    00000010     F2837xD_GlobalVariableDefs.obj (SciaRegsFile)

ScibRegsFile 
*          1    00007210    00000010     UNINITIALIZED
                  00007210    00000010     F2837xD_GlobalVariableDefs.obj (ScibRegsFile)

ScicRegsFile 
*          1    00007220    00000010     UNINITIALIZED
                  00007220    00000010     F2837xD_GlobalVariableDefs.obj (ScicRegsFile)

ScidRegsFile 
*          1    00007230    00000010     UNINITIALIZED
                  00007230    00000010     F2837xD_GlobalVariableDefs.obj (ScidRegsFile)

I2caRegsFile 
*          1    00007300    00000022     UNINITIALIZED
                  00007300    00000022     F2837xD_GlobalVariableDefs.obj (I2caRegsFile)

I2cbRegsFile 
*          1    00007340    00000022     UNINITIALIZED
                  00007340    00000022     F2837xD_GlobalVariableDefs.obj (I2cbRegsFile)

AdcaRegsFile 
*          1    00007400    0000007c     UNINITIALIZED
                  00007400    0000007c     F2837xD_GlobalVariableDefs.obj (AdcaRegsFile)

AdcbRegsFile 
*          1    00007480    0000007c     UNINITIALIZED
                  00007480    0000007c     F2837xD_GlobalVariableDefs.obj (AdcbRegsFile)

AdccRegsFile 
*          1    00007500    0000007c     UNINITIALIZED
                  00007500    0000007c     F2837xD_GlobalVariableDefs.obj (AdccRegsFile)

AdcdRegsFile 
*          1    00007580    0000007c     UNINITIALIZED
                  00007580    0000007c     F2837xD_GlobalVariableDefs.obj (AdcdRegsFile)

InputXbarRegsFile 
*          1    00007900    0000002e     UNINITIALIZED
                  00007900    0000002e     F2837xD_GlobalVariableDefs.obj (InputXbarRegsFile)

TrigRegsFile 
*          1    00007940    00000006     UNINITIALIZED
                  00007940    00000006     F2837xD_GlobalVariableDefs.obj (TrigRegsFile)

DmaClaSrcSelRegsFile 
*          1    00007980    0000001a     UNINITIALIZED
                  00007980    0000001a     F2837xD_GlobalVariableDefs.obj (DmaClaSrcSelRegsFile)

EPwmXbarRegsFile 
*          1    00007a00    00000040     UNINITIALIZED
                  00007a00    00000040     F2837xD_GlobalVariableDefs.obj (EPwmXbarRegsFile)

OutputXbarRegsFile 
*          1    00007a80    00000040     UNINITIALIZED
                  00007a80    00000040     F2837xD_GlobalVariableDefs.obj (OutputXbarRegsFile)

GpioCtrlRegsFile 
*          1    00007c00    00000180     UNINITIALIZED
                  00007c00    00000180     F2837xD_GlobalVariableDefs.obj (GpioCtrlRegsFile)

GpioDataRegsFile 
*          1    00007f00    00000030     UNINITIALIZED
                  00007f00    00000030     F2837xD_GlobalVariableDefs.obj (GpioDataRegsFile)

.ebss      1    0000a800    0000000c     UNINITIALIZED
                  0000a800    00000004     rts2800_fpu32.lib : _lock.obj (.ebss)
                  0000a804    00000004                       : exit.obj (.ebss)
                  0000a808    00000004     uartstdio.obj (.ebss)

Emif1RegsFile 
*          1    00047000    00000028     UNINITIALIZED
                  00047000    00000028     F2837xD_GlobalVariableDefs.obj (Emif1RegsFile)

Emif2RegsFile 
*          1    00047800    00000028     UNINITIALIZED
                  00047800    00000028     F2837xD_GlobalVariableDefs.obj (Emif2RegsFile)

IpcRegsFile 
*          1    00050000    00000026     UNINITIALIZED
                  00050000    00000026     F2837xD_GlobalVariableDefs.obj (IpcRegsFile)

DevCfgRegsFile 
*          1    0005d000    00000126     UNINITIALIZED
                  0005d000    00000126     F2837xD_GlobalVariableDefs.obj (DevCfgRegsFile)

AnalogSubsysRegsFile 
*          1    0005d180    0000003e     UNINITIALIZED
                  0005d180    0000003e     F2837xD_GlobalVariableDefs.obj (AnalogSubsysRegsFile)

ClkCfgRegsFile 
*          1    0005d200    00000032     UNINITIALIZED
                  0005d200    00000032     F2837xD_GlobalVariableDefs.obj (ClkCfgRegsFile)

CpuSysRegsFile 
*          1    0005d300    00000082     UNINITIALIZED
                  0005d300    00000082     F2837xD_GlobalVariableDefs.obj (CpuSysRegsFile)

HwbistRegsFile 
*          1    0005e000    000000a2     UNINITIALIZED
                  0005e000    000000a2     F2837xD_GlobalVariableDefs.obj (HwbistRegsFile)

PbistRegsFile 
*          1    0005e200    000001e6     UNINITIALIZED
                  0005e200    000001e6     F2837xD_GlobalVariableDefs.obj (PbistRegsFile)

RomPrefetchRegsFile 
*          1    0005e608    00000002     UNINITIALIZED
                  0005e608    00000002     F2837xD_GlobalVariableDefs.obj (RomPrefetchRegsFile)

DcsmZ1RegsFile 
*          1    0005f000    00000022     UNINITIALIZED
                  0005f000    00000022     F2837xD_GlobalVariableDefs.obj (DcsmZ1RegsFile)

DcsmZ2RegsFile 
*          1    0005f040    00000022     UNINITIALIZED
                  0005f040    00000022     F2837xD_GlobalVariableDefs.obj (DcsmZ2RegsFile)

DcsmCommonRegsFile 
*          1    0005f070    00000006     UNINITIALIZED
                  0005f070    00000006     F2837xD_GlobalVariableDefs.obj (DcsmCommonRegsFile)

MemCfgRegsFile 
*          1    0005f400    00000076     UNINITIALIZED
                  0005f400    00000076     F2837xD_GlobalVariableDefs.obj (MemCfgRegsFile)

Emif1ConfigRegsFile 
*          1    0005f480    0000000a     UNINITIALIZED
                  0005f480    0000000a     F2837xD_GlobalVariableDefs.obj (Emif1ConfigRegsFile)

Emif2ConfigRegsFile 
*          1    0005f4a0    0000000a     UNINITIALIZED
                  0005f4a0    0000000a     F2837xD_GlobalVariableDefs.obj (Emif2ConfigRegsFile)

AccessProtectionRegsFile 
*          1    0005f4c0    0000002e     UNINITIALIZED
                  0005f4c0    0000002e     F2837xD_GlobalVariableDefs.obj (AccessProtectionRegsFile)

MemoryErrorRegsFile 
*          1    0005f500    0000003a     UNINITIALIZED
                  0005f500    0000003a     F2837xD_GlobalVariableDefs.obj (MemoryErrorRegsFile)

RomWaitStateRegsFile 
*          1    0005f540    00000002     UNINITIALIZED
                  0005f540    00000002     F2837xD_GlobalVariableDefs.obj (RomWaitStateRegsFile)

Flash0CtrlRegsFile 
*          1    0005f800    00000182     UNINITIALIZED
                  0005f800    00000182     F2837xD_GlobalVariableDefs.obj (Flash0CtrlRegsFile)

Flash0EccRegsFile 
*          1    0005fb00    00000028     UNINITIALIZED
                  0005fb00    00000028     F2837xD_GlobalVariableDefs.obj (Flash0EccRegsFile)

DcsmZ1OtpFile 
*          1    00078000    0000001a     NOLOAD SECTION
                  00078000    0000001a     F2837xD_GlobalVariableDefs.obj (DcsmZ1OtpFile)

DcsmZ2OtpFile 
*          1    00078200    0000001a     NOLOAD SECTION
                  00078200    0000001a     F2837xD_GlobalVariableDefs.obj (DcsmZ2OtpFile)


GLOBAL DATA SYMBOLS: SORTED BY DATA PAGE

address     data page           name
--------    ----------------    ----
00000400      10 (00000400)     __stack

00000b00      2c (00000b00)     _AdcaResultRegs
00000b20      2c (00000b00)     _AdcbResultRegs

00000b40      2d (00000b40)     _AdccResultRegs
00000b60      2d (00000b40)     _AdcdResultRegs

00000c00      30 (00000c00)     _CpuTimer0Regs
00000c08      30 (00000c00)     _CpuTimer1Regs
00000c10      30 (00000c00)     _CpuTimer2Regs

00000ce0      33 (00000cc0)     _Cla1SoftIntRegs
00000ce0      33 (00000cc0)     _PieCtrlRegs

00000d00      34 (00000d00)     _EmuKey
00000d00      34 (00000d00)     _PieVectTable
00000d01      34 (00000d00)     _EmuBMode

00001000      40 (00001000)     _DmaRegs

00001400      50 (00001400)     _Cla1Regs

00004000     100 (00004000)     _EPwm1Regs

00004100     104 (00004100)     _EPwm2Regs

00004200     108 (00004200)     _EPwm3Regs

00004300     10c (00004300)     _EPwm4Regs

00004400     110 (00004400)     _EPwm5Regs

00004500     114 (00004500)     _EPwm6Regs

00004600     118 (00004600)     _EPwm7Regs

00004700     11c (00004700)     _EPwm8Regs

00004800     120 (00004800)     _EPwm9Regs

00004900     124 (00004900)     _EPwm10Regs

00004a00     128 (00004a00)     _EPwm11Regs

00004b00     12c (00004b00)     _EPwm12Regs

00005000     140 (00005000)     _ECap1Regs
00005020     140 (00005000)     _ECap2Regs

00005040     141 (00005040)     _ECap3Regs
00005060     141 (00005040)     _ECap4Regs

00005080     142 (00005080)     _ECap5Regs
000050a0     142 (00005080)     _ECap6Regs

00005100     144 (00005100)     _EQep1Regs

00005140     145 (00005140)     _EQep2Regs

00005180     146 (00005180)     _EQep3Regs

00005c00     170 (00005c00)     _DacaRegs
00005c10     170 (00005c00)     _DacbRegs
00005c20     170 (00005c00)     _DaccRegs

00005c80     172 (00005c80)     _Cmpss1Regs
00005ca0     172 (00005c80)     _Cmpss2Regs

00005cc0     173 (00005cc0)     _Cmpss3Regs
00005ce0     173 (00005cc0)     _Cmpss4Regs

00005d00     174 (00005d00)     _Cmpss5Regs
00005d20     174 (00005d00)     _Cmpss6Regs

00005d40     175 (00005d40)     _Cmpss7Regs
00005d60     175 (00005d40)     _Cmpss8Regs

00005e00     178 (00005e00)     _Sdfm1Regs

00005e80     17a (00005e80)     _Sdfm2Regs

00006000     180 (00006000)     _McbspaRegs

00006040     181 (00006040)     _McbspbRegs

00006100     184 (00006100)     _SpiaRegs
00006110     184 (00006100)     _SpibRegs
00006120     184 (00006100)     _SpicRegs

00006200     188 (00006200)     _UppRegs

00007000     1c0 (00007000)     _WdRegs

00007060     1c1 (00007040)     _NmiIntruptRegs
00007070     1c1 (00007040)     _XintRegs

00007200     1c8 (00007200)     _SciaRegs
00007210     1c8 (00007200)     _ScibRegs
00007220     1c8 (00007200)     _ScicRegs
00007230     1c8 (00007200)     _ScidRegs

00007300     1cc (00007300)     _I2caRegs

00007340     1cd (00007340)     _I2cbRegs

00007400     1d0 (00007400)     _AdcaRegs

00007480     1d2 (00007480)     _AdcbRegs

00007500     1d4 (00007500)     _AdccRegs

00007580     1d6 (00007580)     _AdcdRegs

00007900     1e4 (00007900)     _InputXbarRegs

00007940     1e5 (00007940)     _TrigRegs

00007980     1e6 (00007980)     _DmaClaSrcSelRegs

00007a00     1e8 (00007a00)     _EPwmXbarRegs

00007a80     1ea (00007a80)     _OutputXbarRegs

00007c00     1f0 (00007c00)     _GpioCtrlRegs

00007f00     1fc (00007f00)     _GpioDataRegs

0000a800     2a0 (0000a800)     __unlock
0000a802     2a0 (0000a800)     __lock
0000a804     2a0 (0000a800)     ___TI_cleanup_ptr
0000a806     2a0 (0000a800)     ___TI_dtors_ptr

00047000    11c0 (00047000)     _Emif1Regs

00047800    11e0 (00047800)     _Emif2Regs

00050000    1400 (00050000)     _IpcRegs

0005d000    1740 (0005d000)     _DevCfgRegs

0005d180    1746 (0005d180)     _AnalogSubsysRegs

0005d200    1748 (0005d200)     _ClkCfgRegs

0005d300    174c (0005d300)     _CpuSysRegs

0005e000    1780 (0005e000)     _HwbistRegs

0005e200    1788 (0005e200)     _PbistRegs

0005e608    1798 (0005e600)     _RomPrefetchRegs

0005f000    17c0 (0005f000)     _DcsmZ1Regs

0005f040    17c1 (0005f040)     _DcsmZ2Regs
0005f070    17c1 (0005f040)     _DcsmCommonRegs

0005f400    17d0 (0005f400)     _MemCfgRegs

0005f480    17d2 (0005f480)     _Emif1ConfigRegs
0005f4a0    17d2 (0005f480)     _Emif2ConfigRegs

0005f4c0    17d3 (0005f4c0)     _AccessProtectionRegs

0005f500    17d4 (0005f500)     _MemoryErrorRegs

0005f540    17d5 (0005f540)     _RomWaitStateRegs

0005f800    17e0 (0005f800)     _Flash0CtrlRegs

0005fb00    17ec (0005fb00)     _Flash0EccRegs

00078000    1e00 (00078000)     _DcsmZ1Otp

00078200    1e08 (00078200)     _DcsmZ2Otp

00090000    2400 (00090000)     _PieVectTableInit


GLOBAL SYMBOLS: SORTED ALPHABETICALLY BY Name 

address    name
--------   ----
ffffffff   .text
00083582   C$$EXIT
000820fe   _ADCA1_ISR
0008237e   _ADCA2_ISR
00082388   _ADCA3_ISR
00082392   _ADCA4_ISR
00082374   _ADCA_EVT_ISR
00082108   _ADCB1_ISR
000823a6   _ADCB2_ISR
000823b0   _ADCB3_ISR
000823ba   _ADCB4_ISR
0008239c   _ADCB_EVT_ISR
00082112   _ADCC1_ISR
00082518   _ADCC2_ISR
00082522   _ADCC3_ISR
0008252c   _ADCC4_ISR
0008250e   _ADCC_EVT_ISR
00082130   _ADCD1_ISR
00082540   _ADCD2_ISR
0008254a   _ADCD3_ISR
00082554   _ADCD4_ISR
00082536   _ADCD_EVT_ISR
00082590   _AUX_PLL_SLIP_ISR
0005f4c0   _AccessProtectionRegs
00007400   _AdcaRegs
00000b00   _AdcaResultRegs
00007480   _AdcbRegs
00000b20   _AdcbResultRegs
00007500   _AdccRegs
00000b40   _AdccResultRegs
00007580   _AdcdRegs
00000b60   _AdcdResultRegs
0005d180   _AnalogSubsysRegs
00082b25   _AuxAuxClkSel
00082b0f   _AuxIntOsc2Sel
00082b19   _AuxXtalOscSel
000823c4   _CLA1_1_ISR
000823ce   _CLA1_2_ISR
000823d8   _CLA1_3_ISR
000823e2   _CLA1_4_ISR
000823ec   _CLA1_5_ISR
000823f6   _CLA1_6_ISR
00082400   _CLA1_7_ISR
0008240a   _CLA1_8_ISR
0008259a   _CLA_OVERFLOW_ISR
000825a4   _CLA_UNDERFLOW_ISR
00001400   _Cla1Regs
00000ce0   _Cla1SoftIntRegs
0005d200   _ClkCfgRegs
00005c80   _Cmpss1Regs
00005ca0   _Cmpss2Regs
00005cc0   _Cmpss3Regs
00005ce0   _Cmpss4Regs
00005d00   _Cmpss5Regs
00005d20   _Cmpss6Regs
00005d40   _Cmpss7Regs
00005d60   _Cmpss8Regs
00083442   _ConfigureUART
0005d300   _CpuSysRegs
00000c00   _CpuTimer0Regs
00000c08   _CpuTimer1Regs
00000c10   _CpuTimer2Regs
00082ace   _CsmUnlock
00082054   _DATALOG_ISR
0008234c   _DCANA_1_ISR
00082356   _DCANA_2_ISR
00082360   _DCANB_1_ISR
0008236a   _DCANB_2_ISR
00082298   _DMA_CH1_ISR
000822a2   _DMA_CH2_ISR
000822ac   _DMA_CH3_ISR
000822b6   _DMA_CH4_ISR
000822c0   _DMA_CH5_ISR
000822ca   _DMA_CH6_ISR
00005c00   _DacaRegs
00005c10   _DacbRegs
00005c20   _DaccRegs
0005f070   _DcsmCommonRegs
00078000   _DcsmZ1Otp
0005f000   _DcsmZ1Regs
00078200   _DcsmZ2Otp
0005f040   _DcsmZ2Regs
0005d000   _DevCfgRegs
000829b7   _DisableDog
00082991   _DisablePeripheralClocks
00007980   _DmaClaSrcSelRegs
00001000   _DmaRegs
000821ee   _ECAP1_ISR
000821f8   _ECAP2_ISR
00082202   _ECAP3_ISR
0008220c   _ECAP4_ISR
00082216   _ECAP5_ISR
00082220   _ECAP6_ISR
00005000   _ECap1Regs
00005020   _ECap2Regs
00005040   _ECap3Regs
00005060   _ECap4Regs
00005080   _ECap5Regs
000050a0   _ECap6Regs
0008255e   _EMIF_ERROR_ISR
000825b8   _EMPTY_ISR
00082068   _EMU_ISR
000824b4   _EPWM10_ISR
0008248c   _EPWM10_TZ_ISR
000824be   _EPWM11_ISR
00082496   _EPWM11_TZ_ISR
000824c8   _EPWM12_ISR
000824a0   _EPWM12_TZ_ISR
0008219e   _EPWM1_ISR
0008214e   _EPWM1_TZ_ISR
000821a8   _EPWM2_ISR
00082158   _EPWM2_TZ_ISR
000821b2   _EPWM3_ISR
00082162   _EPWM3_TZ_ISR
000821bc   _EPWM4_ISR
0008216c   _EPWM4_TZ_ISR
000821c6   _EPWM5_ISR
00082176   _EPWM5_TZ_ISR
000821d0   _EPWM6_ISR
00082180   _EPWM6_TZ_ISR
000821da   _EPWM7_ISR
0008218a   _EPWM7_TZ_ISR
000821e4   _EPWM8_ISR
00082194   _EPWM8_TZ_ISR
000824aa   _EPWM9_ISR
00082482   _EPWM9_TZ_ISR
00004900   _EPwm10Regs
00004a00   _EPwm11Regs
00004b00   _EPwm12Regs
00004000   _EPwm1Regs
00004100   _EPwm2Regs
00004200   _EPwm3Regs
00004300   _EPwm4Regs
00004400   _EPwm5Regs
00004500   _EPwm6Regs
00004600   _EPwm7Regs
00004700   _EPwm8Regs
00004800   _EPwm9Regs
00007a00   _EPwmXbarRegs
0008222a   _EQEP1_ISR
00082234   _EQEP2_ISR
0008223e   _EQEP3_ISR
00005100   _EQep1Regs
00005140   _EQep2Regs
00005180   _EQep3Regs
0005f480   _Emif1ConfigRegs
00047000   _Emif1Regs
0005f4a0   _Emif2ConfigRegs
00047800   _Emif2Regs
00000d01   _EmuBMode
00000d00   _EmuKey
0008351a   _EnableInterrupts
00008025   _F28x_usDelay
00082572   _FLASH_CORRECTABLE_ERROR_ISR
00082446   _FPU_OVERFLOW_ISR
00082450   _FPU_UNDERFLOW_ISR
0005f800   _Flash0CtrlRegs
0005fb00   _Flash0EccRegs
00083230   _GPIO_EnableUnbondedIOPullups
0008320b   _GPIO_EnableUnbondedIOPullupsFor100Pin
000831f2   _GPIO_EnableUnbondedIOPullupsFor176Pin
00083246   _GPIO_ReadPin
00083198   _GPIO_SetupLock
00083071   _GPIO_SetupPinMux
00083102   _GPIO_SetupPinOptions
000831c0   _GPIO_SetupXINT1Gpio
000831ca   _GPIO_SetupXINT2Gpio
000831d4   _GPIO_SetupXINT3Gpio
000831de   _GPIO_SetupXINT4Gpio
000831e8   _GPIO_SetupXINT5Gpio
0008325d   _GPIO_WritePin
00007c00   _GpioCtrlRegs
00007f00   _GpioDataRegs
00082b43   _HALT
00082b5c   _HIB
0005e000   _HwbistRegs
000822de   _I2CA_FIFO_ISR
000822d4   _I2CA_ISR
000822f2   _I2CB_FIFO_ISR
000822e8   _I2CB_ISR
00007300   _I2caRegs
00007340   _I2cbRegs
00082b2f   _IDLE
0008207c   _ILLEGAL_ISR
0008245a   _IPC0_ISR
00082464   _IPC1_ISR
0008246e   _IPC2_ISR
00082478   _IPC3_ISR
00082a49   _InitAuxPll
00008000   _InitFlash
00083031   _InitGpio
0008290d   _InitPeripheralClocks
000834fb   _InitPieCtrl
00083523   _InitPieVectTable
000828d1   _InitSysCtrl
000829c5   _InitSysPll
00007900   _InputXbarRegs
0008359b   _IntDefaultHandler
00083345   _IntDisable
000832ae   _IntEnable
000833c9   _IntIFRClear
00083281   _IntMasterDisable
0008327c   _IntMasterEnable
00083286   _IntRegister
00083299   _IntUnregister
00050000   _IpcRegs
00082270   _MCBSPA_RX_ISR
0008227a   _MCBSPA_TX_ISR
00082284   _MCBSPB_RX_ISR
0008228e   _MCBSPB_TX_ISR
00006000   _McbspaRegs
00006040   _McbspbRegs
0005f400   _MemCfgRegs
0005f500   _MemoryErrorRegs
00082072   _NMI_ISR
000825c5   _NOTUSED_ISR
00007060   _NmiIntruptRegs
00007a80   _OutputXbarRegs
00082432   _PBIST_ISR
000825ae   _PIE_RESERVED_ISR
0005e200   _PbistRegs
00000ce0   _PieCtrlRegs
00000d00   _PieVectTable
00090000   _PieVectTableInit
0008257c   _RAM_ACCESS_VIOLATION_ISR
00082568   _RAM_CORRECTABLE_ERROR_ISR
0008205e   _RTOS_ISR
0008602d   _RamfuncsLoadEnd
0000002d   _RamfuncsLoadSize
00086000   _RamfuncsLoadStart
0000802d   _RamfuncsRunEnd
0000002d   _RamfuncsRunSize
00008000   _RamfuncsRunStart
0005e608   _RomPrefetchRegs
0005f540   _RomWaitStateRegs
00082324   _SCIA_RX_ISR
0008232e   _SCIA_TX_ISR
00082338   _SCIB_RX_ISR
00082342   _SCIB_TX_ISR
000822fc   _SCIC_RX_ISR
00082306   _SCIC_TX_ISR
00082310   _SCID_RX_ISR
0008231a   _SCID_TX_ISR
000824d2   _SD1_ISR
000824dc   _SD2_ISR
00082248   _SPIA_RX_ISR
00082252   _SPIA_TX_ISR
0008225c   _SPIB_RX_ISR
00082266   _SPIB_TX_ISR
000824e6   _SPIC_RX_ISR
000824f0   _SPIC_TX_ISR
00082b38   _STANDBY
00082586   _SYS_PLL_SLIP_ISR
00007200   _SciaRegs
00007210   _ScibRegs
00007220   _ScicRegs
00007230   _ScidRegs
00005e00   _Sdfm1Regs
00005e80   _Sdfm2Regs
000829a9   _ServiceDog
00006100   _SpiaRegs
00006110   _SpibRegs
00006120   _SpicRegs
00082d46   _SysCtlAuxClockSet
00082c4a   _SysCtlClockGet
00082cad   _SysCtlClockSet
00008029   _SysCtlDelay
00082c95   _SysCtlLowSpeedClockGet
00082c23   _SysCtlPeripheralDisable
00082c07   _SysCtlPeripheralEnable
00082b79   _SysCtlPeripheralPresent
00082b9a   _SysCtlPeripheralReady
00082bd9   _SysCtlPeripheralReset
00082c40   _SysCtlReset
00082dd9   _SysCtlUSBPLLDisable
00082dd8   _SysCtlUSBPLLEnable
00082aef   _SysIntOsc1Sel
00082af9   _SysIntOsc2Sel
00082b03   _SysXtalOscSel
0008213a   _TIMER0_ISR
00082040   _TIMER1_ISR
0008204a   _TIMER2_ISR
00007940   _TrigRegs
00082779   _UARTBusy
00082739   _UARTCharGet
00082710   _UARTCharGetNonBlocking
00082769   _UARTCharPut
00082756   _UARTCharPutNonBlocking
000826e6   _UARTCharsAvail
00082665   _UARTConfigGetExpClk
0008262b   _UARTConfigSetExpClk
00082693   _UARTDisable
00082689   _UARTEnable
000826c3   _UARTFIFODisable
000826ba   _UARTFIFOEnable
000825fd   _UARTFIFOIntLevelGet
000825e3   _UARTFIFOIntLevelSet
00082613   _UARTFIFOLevelGet
00082883   _UARTIntClear
00082818   _UARTIntDisable
000827e2   _UARTIntEnable
00082853   _UARTIntStatus
000825da   _UARTParityModeGet
000825cf   _UARTParityModeSet
00082786   _UARTRXIntRegister
000827b6   _UARTRXIntUnregister
000828bb   _UARTRxErrorClear
000828b3   _UARTRxErrorGet
00082703   _UARTSpaceAvail
00082dda   _UARTStdioConfig
0008279e   _UARTTXIntRegister
000827cc   _UARTTXIntUnregister
000826dc   _UARTTxIntModeGet
000826cc   _UARTTxIntModeSet
00082e7c   _UARTgetc
00082e2d   _UARTgets
00083027   _UARTprintf
000826a9   _UARTsetLoopBack
00082e82   _UARTvprintf
00082e0c   _UARTwrite
000824fa   _UPPA_ISR
00082504   _USBA_ISR
000820e0   _USER10_ISR
000820ea   _USER11_ISR
000820f4   _USER12_ISR
00082086   _USER1_ISR
00082090   _USER2_ISR
0008209a   _USER3_ISR
000820a4   _USER4_ISR
000820ae   _USER5_ISR
000820b8   _USER6_ISR
000820c2   _USER7_ISR
000820cc   _USER8_ISR
000820d6   _USER9_ISR
00006200   _UppRegs
0008243c   _VCU_ISR
00082144   _WAKE_ISR
00007000   _WdRegs
0008211c   _XINT1_ISR
00082126   _XINT2_ISR
00082414   _XINT3_ISR
0008241e   _XINT4_ISR
00082428   _XINT5_ISR
00007070   _XintRegs
00000500   __STACK_END
00000100   __STACK_SIZE
00000001   __TI_args_main
0000a804   ___TI_cleanup_ptr
0000a806   ___TI_dtors_ptr
ffffffff   ___binit__
ffffffff   ___c_args__
00082000   ___cinit__
ffffffff   ___etext__
00083548   ___memcpy_ff
ffffffff   ___pinit__
ffffffff   ___text__
00083569   __args_main
0000a802   __lock
000835b1   __nop
000835ad   __register_lock
000835a9   __register_unlock
00000400   __stack
0000a800   __unlock
00083582   _abort
000834b5   _c_int00
00083584   _exit
0008346e   _init
000834a6   _main
ffffffff   binit
00082000   cinit
00080000   code_start
ffffffff   etext
ffffffff   pinit


GLOBAL SYMBOLS: SORTED BY Symbol Address 

address    name
--------   ----
00000001   __TI_args_main
0000002d   _RamfuncsLoadSize
0000002d   _RamfuncsRunSize
00000100   __STACK_SIZE
00000400   __stack
00000500   __STACK_END
00000b00   _AdcaResultRegs
00000b20   _AdcbResultRegs
00000b40   _AdccResultRegs
00000b60   _AdcdResultRegs
00000c00   _CpuTimer0Regs
00000c08   _CpuTimer1Regs
00000c10   _CpuTimer2Regs
00000ce0   _Cla1SoftIntRegs
00000ce0   _PieCtrlRegs
00000d00   _EmuKey
00000d00   _PieVectTable
00000d01   _EmuBMode
00001000   _DmaRegs
00001400   _Cla1Regs
00004000   _EPwm1Regs
00004100   _EPwm2Regs
00004200   _EPwm3Regs
00004300   _EPwm4Regs
00004400   _EPwm5Regs
00004500   _EPwm6Regs
00004600   _EPwm7Regs
00004700   _EPwm8Regs
00004800   _EPwm9Regs
00004900   _EPwm10Regs
00004a00   _EPwm11Regs
00004b00   _EPwm12Regs
00005000   _ECap1Regs
00005020   _ECap2Regs
00005040   _ECap3Regs
00005060   _ECap4Regs
00005080   _ECap5Regs
000050a0   _ECap6Regs
00005100   _EQep1Regs
00005140   _EQep2Regs
00005180   _EQep3Regs
00005c00   _DacaRegs
00005c10   _DacbRegs
00005c20   _DaccRegs
00005c80   _Cmpss1Regs
00005ca0   _Cmpss2Regs
00005cc0   _Cmpss3Regs
00005ce0   _Cmpss4Regs
00005d00   _Cmpss5Regs
00005d20   _Cmpss6Regs
00005d40   _Cmpss7Regs
00005d60   _Cmpss8Regs
00005e00   _Sdfm1Regs
00005e80   _Sdfm2Regs
00006000   _McbspaRegs
00006040   _McbspbRegs
00006100   _SpiaRegs
00006110   _SpibRegs
00006120   _SpicRegs
00006200   _UppRegs
00007000   _WdRegs
00007060   _NmiIntruptRegs
00007070   _XintRegs
00007200   _SciaRegs
00007210   _ScibRegs
00007220   _ScicRegs
00007230   _ScidRegs
00007300   _I2caRegs
00007340   _I2cbRegs
00007400   _AdcaRegs
00007480   _AdcbRegs
00007500   _AdccRegs
00007580   _AdcdRegs
00007900   _InputXbarRegs
00007940   _TrigRegs
00007980   _DmaClaSrcSelRegs
00007a00   _EPwmXbarRegs
00007a80   _OutputXbarRegs
00007c00   _GpioCtrlRegs
00007f00   _GpioDataRegs
00008000   _InitFlash
00008000   _RamfuncsRunStart
00008025   _F28x_usDelay
00008029   _SysCtlDelay
0000802d   _RamfuncsRunEnd
0000a800   __unlock
0000a802   __lock
0000a804   ___TI_cleanup_ptr
0000a806   ___TI_dtors_ptr
00047000   _Emif1Regs
00047800   _Emif2Regs
00050000   _IpcRegs
0005d000   _DevCfgRegs
0005d180   _AnalogSubsysRegs
0005d200   _ClkCfgRegs
0005d300   _CpuSysRegs
0005e000   _HwbistRegs
0005e200   _PbistRegs
0005e608   _RomPrefetchRegs
0005f000   _DcsmZ1Regs
0005f040   _DcsmZ2Regs
0005f070   _DcsmCommonRegs
0005f400   _MemCfgRegs
0005f480   _Emif1ConfigRegs
0005f4a0   _Emif2ConfigRegs
0005f4c0   _AccessProtectionRegs
0005f500   _MemoryErrorRegs
0005f540   _RomWaitStateRegs
0005f800   _Flash0CtrlRegs
0005fb00   _Flash0EccRegs
00078000   _DcsmZ1Otp
00078200   _DcsmZ2Otp
00080000   code_start
00082000   ___cinit__
00082000   cinit
00082040   _TIMER1_ISR
0008204a   _TIMER2_ISR
00082054   _DATALOG_ISR
0008205e   _RTOS_ISR
00082068   _EMU_ISR
00082072   _NMI_ISR
0008207c   _ILLEGAL_ISR
00082086   _USER1_ISR
00082090   _USER2_ISR
0008209a   _USER3_ISR
000820a4   _USER4_ISR
000820ae   _USER5_ISR
000820b8   _USER6_ISR
000820c2   _USER7_ISR
000820cc   _USER8_ISR
000820d6   _USER9_ISR
000820e0   _USER10_ISR
000820ea   _USER11_ISR
000820f4   _USER12_ISR
000820fe   _ADCA1_ISR
00082108   _ADCB1_ISR
00082112   _ADCC1_ISR
0008211c   _XINT1_ISR
00082126   _XINT2_ISR
00082130   _ADCD1_ISR
0008213a   _TIMER0_ISR
00082144   _WAKE_ISR
0008214e   _EPWM1_TZ_ISR
00082158   _EPWM2_TZ_ISR
00082162   _EPWM3_TZ_ISR
0008216c   _EPWM4_TZ_ISR
00082176   _EPWM5_TZ_ISR
00082180   _EPWM6_TZ_ISR
0008218a   _EPWM7_TZ_ISR
00082194   _EPWM8_TZ_ISR
0008219e   _EPWM1_ISR
000821a8   _EPWM2_ISR
000821b2   _EPWM3_ISR
000821bc   _EPWM4_ISR
000821c6   _EPWM5_ISR
000821d0   _EPWM6_ISR
000821da   _EPWM7_ISR
000821e4   _EPWM8_ISR
000821ee   _ECAP1_ISR
000821f8   _ECAP2_ISR
00082202   _ECAP3_ISR
0008220c   _ECAP4_ISR
00082216   _ECAP5_ISR
00082220   _ECAP6_ISR
0008222a   _EQEP1_ISR
00082234   _EQEP2_ISR
0008223e   _EQEP3_ISR
00082248   _SPIA_RX_ISR
00082252   _SPIA_TX_ISR
0008225c   _SPIB_RX_ISR
00082266   _SPIB_TX_ISR
00082270   _MCBSPA_RX_ISR
0008227a   _MCBSPA_TX_ISR
00082284   _MCBSPB_RX_ISR
0008228e   _MCBSPB_TX_ISR
00082298   _DMA_CH1_ISR
000822a2   _DMA_CH2_ISR
000822ac   _DMA_CH3_ISR
000822b6   _DMA_CH4_ISR
000822c0   _DMA_CH5_ISR
000822ca   _DMA_CH6_ISR
000822d4   _I2CA_ISR
000822de   _I2CA_FIFO_ISR
000822e8   _I2CB_ISR
000822f2   _I2CB_FIFO_ISR
000822fc   _SCIC_RX_ISR
00082306   _SCIC_TX_ISR
00082310   _SCID_RX_ISR
0008231a   _SCID_TX_ISR
00082324   _SCIA_RX_ISR
0008232e   _SCIA_TX_ISR
00082338   _SCIB_RX_ISR
00082342   _SCIB_TX_ISR
0008234c   _DCANA_1_ISR
00082356   _DCANA_2_ISR
00082360   _DCANB_1_ISR
0008236a   _DCANB_2_ISR
00082374   _ADCA_EVT_ISR
0008237e   _ADCA2_ISR
00082388   _ADCA3_ISR
00082392   _ADCA4_ISR
0008239c   _ADCB_EVT_ISR
000823a6   _ADCB2_ISR
000823b0   _ADCB3_ISR
000823ba   _ADCB4_ISR
000823c4   _CLA1_1_ISR
000823ce   _CLA1_2_ISR
000823d8   _CLA1_3_ISR
000823e2   _CLA1_4_ISR
000823ec   _CLA1_5_ISR
000823f6   _CLA1_6_ISR
00082400   _CLA1_7_ISR
0008240a   _CLA1_8_ISR
00082414   _XINT3_ISR
0008241e   _XINT4_ISR
00082428   _XINT5_ISR
00082432   _PBIST_ISR
0008243c   _VCU_ISR
00082446   _FPU_OVERFLOW_ISR
00082450   _FPU_UNDERFLOW_ISR
0008245a   _IPC0_ISR
00082464   _IPC1_ISR
0008246e   _IPC2_ISR
00082478   _IPC3_ISR
00082482   _EPWM9_TZ_ISR
0008248c   _EPWM10_TZ_ISR
00082496   _EPWM11_TZ_ISR
000824a0   _EPWM12_TZ_ISR
000824aa   _EPWM9_ISR
000824b4   _EPWM10_ISR
000824be   _EPWM11_ISR
000824c8   _EPWM12_ISR
000824d2   _SD1_ISR
000824dc   _SD2_ISR
000824e6   _SPIC_RX_ISR
000824f0   _SPIC_TX_ISR
000824fa   _UPPA_ISR
00082504   _USBA_ISR
0008250e   _ADCC_EVT_ISR
00082518   _ADCC2_ISR
00082522   _ADCC3_ISR
0008252c   _ADCC4_ISR
00082536   _ADCD_EVT_ISR
00082540   _ADCD2_ISR
0008254a   _ADCD3_ISR
00082554   _ADCD4_ISR
0008255e   _EMIF_ERROR_ISR
00082568   _RAM_CORRECTABLE_ERROR_ISR
00082572   _FLASH_CORRECTABLE_ERROR_ISR
0008257c   _RAM_ACCESS_VIOLATION_ISR
00082586   _SYS_PLL_SLIP_ISR
00082590   _AUX_PLL_SLIP_ISR
0008259a   _CLA_OVERFLOW_ISR
000825a4   _CLA_UNDERFLOW_ISR
000825ae   _PIE_RESERVED_ISR
000825b8   _EMPTY_ISR
000825c5   _NOTUSED_ISR
000825cf   _UARTParityModeSet
000825da   _UARTParityModeGet
000825e3   _UARTFIFOIntLevelSet
000825fd   _UARTFIFOIntLevelGet
00082613   _UARTFIFOLevelGet
0008262b   _UARTConfigSetExpClk
00082665   _UARTConfigGetExpClk
00082689   _UARTEnable
00082693   _UARTDisable
000826a9   _UARTsetLoopBack
000826ba   _UARTFIFOEnable
000826c3   _UARTFIFODisable
000826cc   _UARTTxIntModeSet
000826dc   _UARTTxIntModeGet
000826e6   _UARTCharsAvail
00082703   _UARTSpaceAvail
00082710   _UARTCharGetNonBlocking
00082739   _UARTCharGet
00082756   _UARTCharPutNonBlocking
00082769   _UARTCharPut
00082779   _UARTBusy
00082786   _UARTRXIntRegister
0008279e   _UARTTXIntRegister
000827b6   _UARTRXIntUnregister
000827cc   _UARTTXIntUnregister
000827e2   _UARTIntEnable
00082818   _UARTIntDisable
00082853   _UARTIntStatus
00082883   _UARTIntClear
000828b3   _UARTRxErrorGet
000828bb   _UARTRxErrorClear
000828d1   _InitSysCtrl
0008290d   _InitPeripheralClocks
00082991   _DisablePeripheralClocks
000829a9   _ServiceDog
000829b7   _DisableDog
000829c5   _InitSysPll
00082a49   _InitAuxPll
00082ace   _CsmUnlock
00082aef   _SysIntOsc1Sel
00082af9   _SysIntOsc2Sel
00082b03   _SysXtalOscSel
00082b0f   _AuxIntOsc2Sel
00082b19   _AuxXtalOscSel
00082b25   _AuxAuxClkSel
00082b2f   _IDLE
00082b38   _STANDBY
00082b43   _HALT
00082b5c   _HIB
00082b79   _SysCtlPeripheralPresent
00082b9a   _SysCtlPeripheralReady
00082bd9   _SysCtlPeripheralReset
00082c07   _SysCtlPeripheralEnable
00082c23   _SysCtlPeripheralDisable
00082c40   _SysCtlReset
00082c4a   _SysCtlClockGet
00082c95   _SysCtlLowSpeedClockGet
00082cad   _SysCtlClockSet
00082d46   _SysCtlAuxClockSet
00082dd8   _SysCtlUSBPLLEnable
00082dd9   _SysCtlUSBPLLDisable
00082dda   _UARTStdioConfig
00082e0c   _UARTwrite
00082e2d   _UARTgets
00082e7c   _UARTgetc
00082e82   _UARTvprintf
00083027   _UARTprintf
00083031   _InitGpio
00083071   _GPIO_SetupPinMux
00083102   _GPIO_SetupPinOptions
00083198   _GPIO_SetupLock
000831c0   _GPIO_SetupXINT1Gpio
000831ca   _GPIO_SetupXINT2Gpio
000831d4   _GPIO_SetupXINT3Gpio
000831de   _GPIO_SetupXINT4Gpio
000831e8   _GPIO_SetupXINT5Gpio
000831f2   _GPIO_EnableUnbondedIOPullupsFor176Pin
0008320b   _GPIO_EnableUnbondedIOPullupsFor100Pin
00083230   _GPIO_EnableUnbondedIOPullups
00083246   _GPIO_ReadPin
0008325d   _GPIO_WritePin
0008327c   _IntMasterEnable
00083281   _IntMasterDisable
00083286   _IntRegister
00083299   _IntUnregister
000832ae   _IntEnable
00083345   _IntDisable
000833c9   _IntIFRClear
00083442   _ConfigureUART
0008346e   _init
000834a6   _main
000834b5   _c_int00
000834fb   _InitPieCtrl
0008351a   _EnableInterrupts
00083523   _InitPieVectTable
00083548   ___memcpy_ff
00083569   __args_main
00083582   C$$EXIT
00083582   _abort
00083584   _exit
0008359b   _IntDefaultHandler
000835a9   __register_unlock
000835ad   __register_lock
000835b1   __nop
00086000   _RamfuncsLoadStart
0008602d   _RamfuncsLoadEnd
00090000   _PieVectTableInit
ffffffff   .text
ffffffff   ___binit__
ffffffff   ___c_args__
ffffffff   ___etext__
ffffffff   ___pinit__
ffffffff   ___text__
ffffffff   binit
ffffffff   etext
ffffffff   pinit

[373 symbols]
